[Bootstrap]
SetupTitle=安裝
SetupText=正在複製檔案，請稍候。
CabFile=MarkSixManager.CAB
Spawn=Setup1.exe
Uninstal=st6unst.exe
TmpDir=msftqws.pdw
Cabs=1

[Bootstrap Files]
File1=@VB6STKIT.DLL,$(WinSysPathSysFile),,,1/16/01 12:00:00 AM,101888,6.0.84.50
File2=@COMCAT.DLL,$(WinSysPathSysFile),$(DLLSelfRegister),,5/31/98 12:00:00 AM,22288,4.71.1460.1
File3=@MSVCRT40.DLL,$(WinSysPathSysFile),,,5/31/98 12:00:00 AM,326656,4.21.0.0
File4=@olepro32.dll,$(WinSysPathSysFile),$(DLLSelfRegister),,2/23/16 6:45:40 PM,88576,6.2.10240.16724
File5=@Vb6cht.dll,$(WinSysPath),,$(Shared),10/2/00 12:00:00 AM,102160,6.0.89.88
File6=@stdole2.tlb,$(WinSysPathSysFile),$(TLBRegister),,7/10/15 7:00:26 PM,17920,6.2.10240.16384
File7=@asycfilt.dll,$(WinSysPathSysFile),,,2/23/16 6:45:35 PM,78848,6.2.10240.16724
File8=@oleaut32.dll,$(WinSysPathSysFile),$(DLLSelfRegister),,7/10/15 7:00:30 PM,591912,6.2.10240.16384
File9=@msvbvm60.dll,$(WinSysPathSysFile),$(DLLSelfRegister),,7/10/15 7:00:27 PM,1386496,6.0.98.15

[IconGroups]
Group0=MarkSixManager
PrivateGroup0=True
Parent0=$(Programs)

[MarkSixManager]
Icon1="MarkSixManager.exe"
Title1=MarkSixManager
StartIn1=$(AppPath)

[Setup]
Title=MarkSixManager
DefaultDir=$(ProgramFiles)\MarkSixManager
AppExe=MarkSixManager.exe
AppToUninstall=MarkSixManager.exe

[Setup1 Files]
File1=@MDAC_TYP.EXE,$(AppPath),,,7/24/98 12:00:00 AM,6676272,4.71.1712.0
File2=@RDO20CHT.DLL,$(WinSysPath),,$(Shared),7/6/98 12:00:00 AM,57856,6.0.81.63
File3=@RDOCURS.DLL,$(WinSysPath),,$(Shared),4/3/00 2:52:54 AM,151552,6.0.88.4
File4=@MSRDO20.DLL,$(WinSysPath),$(DLLSelfRegister),$(Shared),5/10/00 10:06:20 PM,397312,6.0.88.62
File5=@DATGDCHT.DLL,$(WinSysPath),,$(Shared),7/6/98 12:00:00 AM,25088,6.0.81.63
File6=@msstdfmt.dll,$(WinSysPath),$(DLLSelfRegister),$(Shared),1/9/08 12:41:52 AM,129024,6.1.98.4
File7=@MSDATGRD.OCX,$(WinSysPath),$(DLLSelfRegister),$(Shared),6/24/98 12:00:00 AM,260920,6.0.81.69
File8=@WINSKCHT.DLL,$(WinSysPath),,$(Shared),7/6/98 12:00:00 AM,14336,6.0.81.63
File9=@MSWINSCK.OCX,$(WinSysPath),$(DLLSelfRegister),$(Shared),6/24/98 12:00:00 AM,108336,6.0.81.69
File10=@TABCTCHT.DLL,$(WinSysPath),,$(Shared),7/6/98 12:00:00 AM,18944,6.0.81.63
File11=@TABCTL32.OCX,$(WinSysPath),$(DLLSelfRegister),$(Shared),6/24/98 12:00:00 AM,209192,6.0.81.69
File12=@ADODCCHT.DLL,$(WinSysPath),,$(Shared),7/6/98 12:00:00 AM,14336,6.0.81.63
File13=@MSADODC.OCX,$(WinSysPath),$(DLLSelfRegister),$(Shared),6/24/98 12:00:00 AM,118064,6.0.81.71
File14=@MSCMCCHT.DLL,$(WinSysPath),,$(Shared),7/6/98 12:00:00 AM,124416,6.0.81.63
File15=@MSCOMCTL.OCX,$(WinSysPath),$(DLLSelfRegister),$(Shared),5/2/12 11:17:12 AM,1070152,6.1.98.34
File16=@MSCC2CHT.DLL,$(WinSysPath),,$(Shared),7/6/98 12:00:00 AM,53248,6.0.81.63
File17=@MSCOMCT2.OCX,$(WinSysPath),$(DLLSelfRegister),$(Shared),6/26/98 12:00:00 AM,644400,6.0.81.77
File18=@MFC40.DLL,$(WinSysPathSysFile),$(DLLSelfRegister),,4/24/98 12:00:00 AM,921872,4.1.0.6038
File19=@THREED32.OCX,$(WinSysPath),$(DLLSelfRegister),$(Shared),3/31/15 2:02:47 AM,200704,1.0.41.0
File20=@RCHTXCHT.DLL,$(WinSysPath),,$(Shared),7/6/98 12:00:00 AM,30720,6.0.81.63
File21=@GAPI32.DLL,$(WinSysPathSysFile),,,4/24/98 12:00:00 AM,83552,4.0.994.25
File22=@RICHED32.DLL,$(WinSysPathSysFile),,,4/24/98 12:00:00 AM,197392,4.0.994.24
File23=@RICHTX32.OCX,$(WinSysPath),$(DLLSelfRegister),$(Shared),6/24/98 12:00:00 AM,203576,6.0.81.69
File24=@EXCEL.EXE,$(AppPath),,,5/29/13 9:08:26 AM,10359448,11.0.8404.0
File25=@msscript.ocx,$(WinSysPath),$(DLLSelfRegister),$(Shared),7/10/15 7:00:28 PM,102400,1.0.10240.16384
File26=@GflAx.dll,$(WinSysPath),$(DLLSelfRegister),$(Shared),4/16/14 12:13:41 PM,1175552,2.80.0.0
File27=@SCRRNCHT.DLL,$(WinSysPath),,$(Shared),6/14/98 12:00:00 AM,15160,4.0.0.2926
File28=@msvcrt.dll,$(WinSysPathSysFile),,,7/10/15 7:00:28 PM,773168,7.0.10240.16384
File29=@scrrun.dll,$(WinSysPath),$(DLLSelfRegister),$(Shared),7/10/15 7:00:28 PM,165888,5.812.10240.16384
File30=@Vsflex7.ocx,$(WinSysPath),$(DLLSelfRegister),$(Shared),4/16/14 1:03:55 PM,464296,7.0.0.78
File31=@VB5DB.DLL,$(WinSysPath),,$(Shared),6/18/98 12:00:00 AM,89360,6.0.81.69
File32=@MSREPL35.DLL,$(WinSysPathSysFile),,,4/24/98 12:00:00 AM,407312,3.51.623.0
File33=@MSRD2X35.DLL,$(WinSysPathSysFile),$(DLLSelfRegister),,4/24/98 12:00:00 AM,252176,3.51.623.0
File34=@expsrv.dll,$(WinSysPathSysFile),,,7/10/15 7:00:27 PM,380957,6.0.72.9589
File35=@vbajet32.dll,$(WinSysPathSysFile),,,7/10/15 7:00:27 PM,30749,6.0.1.9431
File36=@MSJINT35.DLL,$(WinSysPathSysFile),,,6/16/98 12:00:00 AM,123664,3.51.623.0
File37=@MSJTER35.DLL,$(WinSysPathSysFile),,,4/24/98 12:00:00 AM,24848,3.51.623.0
File38=@MSJET35.DLL,$(WinSysPathSysFile),$(DLLSelfRegister),,4/24/98 12:00:00 AM,1045776,3.51.623.4
File39=@DAO350.DLL,$(MSDAOPath),$(DLLSelfRegister),$(Shared),4/27/98 12:00:00 AM,570128,3.51.1608.0
File40=@DAO2535.TLB,$(MSDAOPath),$(TLBRegister),$(Shared),5/15/98 12:00:00 AM,73184,0.0.0.0
File41=@MSBIND.DLL,$(WinSysPath),$(DLLSelfRegister),$(Shared),6/18/98 12:00:00 AM,77824,6.0.81.69
File42=@msado25.tlb,$(WinSysPath),,$(Shared),7/10/15 7:00:27 PM,70144,6.2.10240.16384
File43=@IPHLPAPI.DLL,$(WinSysPath),,$(Shared),7/10/15 7:00:30 PM,187008,6.2.10240.16384
File44=@DIjpg.dll,$(WinSysPath),,$(Shared),4/16/14 12:13:41 PM,413756,1.0.2.0
File45=@MarkSixManager.exe,$(AppPath),,,3/24/16 4:10:37 PM,2203648,1.0.0.138

; 刪除以下項目，可獲得較大的空間，以便在完整的安裝磁片上自訂該檔案。
; 
; XXXXXXXXXXXXXXXXXXXXXXXXXXXXXXXXXXXXXXXXXXXXXXXXXXXXXXXXXXXX
; XXXXXXXXXXXXXXXXXXXXXXXXXXXXXXXXXXXXXXXXXXXXXXXXXXXXXXXXXXXX
; XXXXXXXXXXXXXXXXXXXXXXXXXXXXXXXXXXXXXXXXXXXXXXXXXXXXXXXXXXXX
; XXXXXXXXXXXXXXXXXXXXXXXXXXXXXXXXXXXXXXXXXXXXXXXXXXXXXXXXXXXX
; XXXXXXXXXXXXXXXXXXXXXXXXXXXXXXXXXXXXXXXXXXXXXXXXXXXXXXXXXXXX
; XXXXXXXXXXXXXXXXXXXXXXXXXXXXXXXXXXXXXXXXXXXXXXXXXXXXXXXXXXXX
; XXXXXXXXXXXXXXXXXXXXXXXXXXXXXXXXXXXXXXXXXXXXXXXXXXXXXXXXXXXX
; XXXXXXXXXXXXXXXXXXXXXXXXXXXXXXXXXXXXXXXXXXXXXXXXXXXXXXXXXXXX
; XXXXXXXXXXXXXXXXXXXXXXXXXXXXXXXXXXXXXXXXXXXXXXXXXXXXXXXXXXXX
; XXXXXXXXXXXXXXXXXXXXXXXXXXXXXXXXXXXXXXXXXXXXXXXXXXXXXXXXXXXX
; XXXXXXXXXXXXXXXXXXXXXXXXXXXXXXXXXXXXXXXXXXXXXXXXXXXXXXXXXXXX
; XXXXXXXXXXXXXXXXXXXXXXXXXXXXXXXXXXXXXXXXXXXXXXXXXXXXXXXXXXXX
; XXXXXXXXXXXXXXXXXXXXXXXXXXXXXXXXXXXXXXXXXXXXXXXXXXXXXXXXXXXX
; XXXXXXXXXXXXXXXXXXXXXXXXXXXXXXXXXXXXXXXXXXXXXXXXXXXXXXXXXXXX
; XXXXXXXXXXXXXXXXXXXXXXXXXXXXXXXXXXXXXXXXXXXXXXXXXXXXXXXXXXXX
; XXXXXXXXXXXXXXXXXXXXXXXXXXXXXXXXXXXXXXXXXXXXXXXXXXXXXXXXXXXX
; XXXXXXXXXXXXXXXXXXXXXXXXXXXXXXXXXXXXXXXXXXXXXXXXXXXXXXXXXXXX
; XXXXXXXXXXXXXXXXXXXXXXXXXXXXXXXXXXXXXXXXXXXXXXXXXXXXXXXXXXXX
; XXXXXXXXXXXXXXXXXXXXXXXXXXXXXXXXXXXXXXXXXXXXXXXXXXXXXXXXXXXX
; XXXXXXXXXXXXXXXXXXXXXXXXXXXXXXXXXXXXXXXXXXXXXXXXXXXXXXXXXXXX
; XXXXXXXXXXXXXXXXXXXXXXXXXXXXXXXXXXXXXXXXXXXXXXXXXXXXXXXXXXXX
; XXXXXXXXXXXXXXXXXXXXXXXXXXXXXXXXXXXXXXXXXXXXXXXXXXXXXXXXXXXX
; XXXXXXXXXXXXXXXXXXXXXXXXXXXXXXXXXXXXXXXXXXXXXXXXXXXXXXXXXXXX
; XXXXXXXXXXXXXXXXXXXXXXXXXXXXXXXXXXXXXXXXXXXXXXXXXXXXXXXXXXXX
; XXXXXXXXXXXXXXXXXXXXXXXXXXXXXXXXXXXXXXXXXXXXXXXXXXXXXXXXXXXX
; XXXXXXXXXXXXXXXXXXXXXXXXXXXXXXXXXXXXXXXXXXXXXXXXXXXXXXXXXXXX
; XXXXXXXXXXXXXXXXXXXXXXXXXXXXXXXXXXXXXXXXXXXXXXXXXXXXXXXXXXXX
; XXXXXXXXXXXXXXXXXXXXXXXXXXXXXXXXXXXXXXXXXXXXXXXXXXXXXXXXXXXX
; XXXXXXXXXXXXXXXXXXXXXXXXXXXXXXXXXXXXXXXXXXXXXXXXXXXXXXXXXXXX
; XXXXXXXXXXXXXXXXXXXXXXXXXXXXXXXXXXXXXXXXXXXXXXXXXXXXXXXXXXXX
; XXXXXXXXXXXXXXXXXXXXXXXXXXXXXXXXXXXXXXXXXXXXXXXXXXXXXXXXXXXX
; XXXXXXXXXXXXXXXXXXXXXXXXXXXXXXXXXXXXXXXXXXXXXXXXXXXXXXXXXXXX
; XXXXXXXXXXXXXXXXXXXXXXXXXXXXXXXXXXXXXXXXXXXXXXXXXXXXXXXXXXXX
; XXXXXXXXXXXXXXXXXXXXXXXXXXXXXXXXXXXXXXXXXXXXXXXXXXXXXXXXXXXX
; XXXXXXXXXXXXXXXXXXXXXXXXXXXXXXXXXXXXXXXXXXXXXXXXXXXXXXXXXXXX
